------------------------------------------------------------
Timing Analyzer Summary
------------------------------------------------------------

Type  : Slow 1100mV 85C Model Setup 'connect4_fsm:fsm_inst|state.GANADOR_J1'
Slack : -6.186
TNS   : -6.186

Type  : Slow 1100mV 85C Model Setup 'VGA:vga_inst|clockDivider:clkDiv|pos_edge'
Slack : -3.461
TNS   : -77.958

Type  : Slow 1100mV 85C Model Setup 'clk'
Slack : -3.432
TNS   : -474.813

Type  : Slow 1100mV 85C Model Hold 'clk'
Slack : 0.218
TNS   : 0.000

Type  : Slow 1100mV 85C Model Hold 'VGA:vga_inst|clockDivider:clkDiv|pos_edge'
Slack : 0.687
TNS   : 0.000

Type  : Slow 1100mV 85C Model Hold 'connect4_fsm:fsm_inst|state.GANADOR_J1'
Slack : 3.259
TNS   : 0.000

Type  : Slow 1100mV 85C Model Recovery 'clk'
Slack : -6.390
TNS   : -216.294

Type  : Slow 1100mV 85C Model Removal 'clk'
Slack : 1.141
TNS   : 0.000

Type  : Slow 1100mV 85C Model Minimum Pulse Width 'clk'
Slack : -0.400
TNS   : -111.951

Type  : Slow 1100mV 85C Model Minimum Pulse Width 'VGA:vga_inst|clockDivider:clkDiv|pos_edge'
Slack : -0.394
TNS   : -13.685

Type  : Slow 1100mV 85C Model Minimum Pulse Width 'connect4_fsm:fsm_inst|state.GANADOR_J1'
Slack : -0.394
TNS   : -0.547

Type  : Slow 1100mV 0C Model Setup 'connect4_fsm:fsm_inst|state.GANADOR_J1'
Slack : -6.369
TNS   : -6.369

Type  : Slow 1100mV 0C Model Setup 'VGA:vga_inst|clockDivider:clkDiv|pos_edge'
Slack : -3.526
TNS   : -78.481

Type  : Slow 1100mV 0C Model Setup 'clk'
Slack : -3.212
TNS   : -455.234

Type  : Slow 1100mV 0C Model Hold 'clk'
Slack : 0.225
TNS   : 0.000

Type  : Slow 1100mV 0C Model Hold 'VGA:vga_inst|clockDivider:clkDiv|pos_edge'
Slack : 0.676
TNS   : 0.000

Type  : Slow 1100mV 0C Model Hold 'connect4_fsm:fsm_inst|state.GANADOR_J1'
Slack : 3.351
TNS   : 0.000

Type  : Slow 1100mV 0C Model Recovery 'clk'
Slack : -6.073
TNS   : -205.508

Type  : Slow 1100mV 0C Model Removal 'clk'
Slack : 0.724
TNS   : 0.000

Type  : Slow 1100mV 0C Model Minimum Pulse Width 'clk'
Slack : -0.415
TNS   : -124.257

Type  : Slow 1100mV 0C Model Minimum Pulse Width 'VGA:vga_inst|clockDivider:clkDiv|pos_edge'
Slack : -0.394
TNS   : -13.658

Type  : Slow 1100mV 0C Model Minimum Pulse Width 'connect4_fsm:fsm_inst|state.GANADOR_J1'
Slack : -0.394
TNS   : -0.542

Type  : Fast 1100mV 85C Model Setup 'connect4_fsm:fsm_inst|state.GANADOR_J1'
Slack : -3.425
TNS   : -3.425

Type  : Fast 1100mV 85C Model Setup 'clk'
Slack : -2.836
TNS   : -205.137

Type  : Fast 1100mV 85C Model Setup 'VGA:vga_inst|clockDivider:clkDiv|pos_edge'
Slack : -1.525
TNS   : -33.188

Type  : Fast 1100mV 85C Model Hold 'clk'
Slack : 0.128
TNS   : 0.000

Type  : Fast 1100mV 85C Model Hold 'VGA:vga_inst|clockDivider:clkDiv|pos_edge'
Slack : 0.354
TNS   : 0.000

Type  : Fast 1100mV 85C Model Hold 'connect4_fsm:fsm_inst|state.GANADOR_J1'
Slack : 1.777
TNS   : 0.000

Type  : Fast 1100mV 85C Model Recovery 'clk'
Slack : -3.954
TNS   : -133.722

Type  : Fast 1100mV 85C Model Removal 'clk'
Slack : 0.759
TNS   : 0.000

Type  : Fast 1100mV 85C Model Minimum Pulse Width 'clk'
Slack : -0.423
TNS   : -13.860

Type  : Fast 1100mV 85C Model Minimum Pulse Width 'connect4_fsm:fsm_inst|state.GANADOR_J1'
Slack : 0.028
TNS   : 0.000

Type  : Fast 1100mV 85C Model Minimum Pulse Width 'VGA:vga_inst|clockDivider:clkDiv|pos_edge'
Slack : 0.049
TNS   : 0.000

Type  : Fast 1100mV 0C Model Setup 'connect4_fsm:fsm_inst|state.GANADOR_J1'
Slack : -3.314
TNS   : -3.314

Type  : Fast 1100mV 0C Model Setup 'clk'
Slack : -2.252
TNS   : -171.537

Type  : Fast 1100mV 0C Model Setup 'VGA:vga_inst|clockDivider:clkDiv|pos_edge'
Slack : -1.391
TNS   : -30.166

Type  : Fast 1100mV 0C Model Hold 'clk'
Slack : 0.110
TNS   : 0.000

Type  : Fast 1100mV 0C Model Hold 'VGA:vga_inst|clockDivider:clkDiv|pos_edge'
Slack : 0.322
TNS   : 0.000

Type  : Fast 1100mV 0C Model Hold 'connect4_fsm:fsm_inst|state.GANADOR_J1'
Slack : 1.749
TNS   : 0.000

Type  : Fast 1100mV 0C Model Recovery 'clk'
Slack : -3.371
TNS   : -114.070

Type  : Fast 1100mV 0C Model Removal 'clk'
Slack : 0.417
TNS   : 0.000

Type  : Fast 1100mV 0C Model Minimum Pulse Width 'clk'
Slack : -0.433
TNS   : -16.508

Type  : Fast 1100mV 0C Model Minimum Pulse Width 'connect4_fsm:fsm_inst|state.GANADOR_J1'
Slack : 0.054
TNS   : 0.000

Type  : Fast 1100mV 0C Model Minimum Pulse Width 'VGA:vga_inst|clockDivider:clkDiv|pos_edge'
Slack : 0.068
TNS   : 0.000

------------------------------------------------------------
